2024-03-29 15:25:53.760984
分词检查包括分词格式检查、命令词多输出、命令词垃圾词混用和命令词回溯
分词格式检查中有ERROR时，请修改，否则无法正常生成语言模型
一、检查分词在字典中
1.1如下行中的分词不在字典中
NOTICE line 2: 销艾
NOTICE line 3: 淆艾
NOTICE line 4: 笑艾
NOTICE line 5: 笑艾
NOTICE line 6: 淆艾
NOTICE line 7: 销艾
NOTICE line 16: 销矮
NOTICE line 17: 淆矮
NOTICE line 18: 笑矮
NOTICE line 19: 笑矮
NOTICE line 20: 淆矮
NOTICE line 21: 销矮
NOTICE line 24: 销诺
NOTICE line 25: 淆诺
NOTICE line 26: 笑诺
NOTICE line 27: 笑诺
NOTICE line 28: 淆诺
NOTICE line 29: 销诺
NOTICE line 38: 销美
NOTICE line 39: 淆美
NOTICE line 40: 笑美
NOTICE line 42: 笑美
NOTICE line 43: 淆美
NOTICE line 44: 销美
NOTICE line 46: 崇台
NOTICE line 48: 佳晾
NOTICE line 49: 佳良
NOTICE line 50: 佳娘
NOTICE line 55: 销新
NOTICE line 56: 淆新
NOTICE line 57: 笑新
NOTICE line 58: 笑新
NOTICE line 59: 淆新
NOTICE line 60: 销新
NOTICE line 62: 小新小新
NOTICE line 62: 小新小新
NOTICE line 65: 销奥
NOTICE line 66: 淆奥
NOTICE line 67: 笑奥
NOTICE line 68: 销奥
NOTICE line 69: 淆奥
NOTICE line 70: 笑奥
NOTICE line 72: 相奥
NOTICE line 73: 相奥
NOTICE line 76: 销凡
NOTICE line 77: 淆凡
NOTICE line 78: 笑凡
NOTICE line 79: 笑凡
NOTICE line 80: 淆凡
NOTICE line 81: 销凡
NOTICE line 84: 销环
NOTICE line 85: 淆环
NOTICE line 86: 笑环
NOTICE line 87: 笑环
NOTICE line 88: 淆环
NOTICE line 89: 销环
NOTICE line 92: 销心
NOTICE line 93: 淆心
NOTICE line 94: 笑心
NOTICE line 95: 笑心
NOTICE line 96: 淆心
NOTICE line 97: 销心
NOTICE line 104: 笑矮
NOTICE line 105: 淆矮
NOTICE line 106: 销矮
NOTICE line 108: 笑艾
NOTICE line 109: 淆艾
NOTICE line 110: 销艾
NOTICE line 114: 笑诺
NOTICE line 115: 淆诺
NOTICE line 116: 销诺
NOTICE line 117: 销奥
NOTICE line 118: 淆奥
NOTICE line 119: 笑奥
NOTICE line 130: 崇台
NOTICE line 133: 笑凡
NOTICE line 134: 淆凡
NOTICE line 135: 销凡
NOTICE line 137: 笑环
NOTICE line 138: 淆环
NOTICE line 139: 销环
NOTICE line 142: 笑矮
NOTICE line 143: 淆矮
NOTICE line 144: 销矮
NOTICE line 146: 笑艾
NOTICE line 147: 淆艾
NOTICE line 148: 销艾
NOTICE line 149: 销诺
NOTICE line 150: 淆诺
NOTICE line 151: 笑诺
NOTICE line 152: 笑络
NOTICE line 153: 淆络
NOTICE line 154: 销络
NOTICE line 159: 崇台
NOTICE line 161: 销奥
NOTICE line 162: 淆奥
NOTICE line 163: 笑奥
NOTICE line 166: 销环
NOTICE line 167: 淆环
NOTICE line 168: 笑环
NOTICE line 170: 销凡
NOTICE line 171: 淆凡
NOTICE line 172: 笑凡
NOTICE line 213: 小赚
NOTICE line 213: 小赚
NOTICE line 214: 小赚
NOTICE line 214: 小赚
NOTICE line 255: 崇台
NOTICE line 262: 好烦人
NOTICE line 262: 好烦人

1.2如下行中分词的输入输出不一样
NOTICE line 2
NOTICE line 3
NOTICE line 4
NOTICE line 5
NOTICE line 6
NOTICE line 7
NOTICE line 10
NOTICE line 11
NOTICE line 12
NOTICE line 13
NOTICE line 14
NOTICE line 15
NOTICE line 16
NOTICE line 17
NOTICE line 18
NOTICE line 19
NOTICE line 20
NOTICE line 21
NOTICE line 22
NOTICE line 24
NOTICE line 25
NOTICE line 26
NOTICE line 27
NOTICE line 28
NOTICE line 29
NOTICE line 31
NOTICE line 32
NOTICE line 33
NOTICE line 34
NOTICE line 35
NOTICE line 36
NOTICE line 38
NOTICE line 39
NOTICE line 40
NOTICE line 42
NOTICE line 43
NOTICE line 44
NOTICE line 46
NOTICE line 48
NOTICE line 49
NOTICE line 50
NOTICE line 55
NOTICE line 56
NOTICE line 57
NOTICE line 58
NOTICE line 59
NOTICE line 60
NOTICE line 65
NOTICE line 66
NOTICE line 67
NOTICE line 68
NOTICE line 69
NOTICE line 70
NOTICE line 72
NOTICE line 73
NOTICE line 76
NOTICE line 77
NOTICE line 78
NOTICE line 79
NOTICE line 80
NOTICE line 81
NOTICE line 83
NOTICE line 84
NOTICE line 85
NOTICE line 86
NOTICE line 87
NOTICE line 88
NOTICE line 89
NOTICE line 90
NOTICE line 91
NOTICE line 92
NOTICE line 93
NOTICE line 94
NOTICE line 95
NOTICE line 96
NOTICE line 97
NOTICE line 98
NOTICE line 101
NOTICE line 104
NOTICE line 105
NOTICE line 106
NOTICE line 107
NOTICE line 108
NOTICE line 109
NOTICE line 110
NOTICE line 112
NOTICE line 113
NOTICE line 114
NOTICE line 115
NOTICE line 116
NOTICE line 117
NOTICE line 118
NOTICE line 119
NOTICE line 130
NOTICE line 133
NOTICE line 134
NOTICE line 135
NOTICE line 137
NOTICE line 138
NOTICE line 139
NOTICE line 140
NOTICE line 142
NOTICE line 143
NOTICE line 144
NOTICE line 145
NOTICE line 146
NOTICE line 147
NOTICE line 148
NOTICE line 149
NOTICE line 150
NOTICE line 151
NOTICE line 152
NOTICE line 153
NOTICE line 154
NOTICE line 156
NOTICE line 157
NOTICE line 159
NOTICE line 161
NOTICE line 162
NOTICE line 163
NOTICE line 165
NOTICE line 166
NOTICE line 167
NOTICE line 168
NOTICE line 170
NOTICE line 171
NOTICE line 172
NOTICE line 229
NOTICE line 230
NOTICE line 234
NOTICE line 255
NOTICE line 260

二、有多个输出的词

三、命令词错用为垃圾词

四、没有结束节点的词

五、所有节点回溯的命令词
(以#为垃圾词，以%为没结束的词，其他为命令词)
(第一列为输入，第二列为输出)
小艾笑艾 小艾小艾
小艾淆艾 小艾小艾
小艾销艾 小艾小艾
小艾小艾 小艾小艾
销艾笑艾 小艾小艾
销艾淆艾 小艾小艾
销艾销艾 小艾小艾
销艾小艾 小艾小艾
淆艾笑艾 小艾小艾
淆艾淆艾 小艾小艾
淆艾销艾 小艾小艾
淆艾小艾 小艾小艾
笑艾笑艾 小艾小艾
笑艾淆艾 小艾小艾
笑艾销艾 小艾小艾
笑艾小艾 小艾小艾
小艾小艾 小艾小艾
小爱小爱 小艾小艾
小爱小爱 小艾小艾
相爱相爱 小艾小艾
小矮笑矮 小艾小艾
小矮淆矮 小艾小艾
小矮销矮 小艾小艾
小矮小矮 小艾小艾
销矮笑矮 小艾小艾
销矮淆矮 小艾小艾
销矮销矮 小艾小艾
销矮小矮 小艾小艾
淆矮笑矮 小艾小艾
淆矮淆矮 小艾小艾
淆矮销矮 小艾小艾
淆矮小矮 小艾小艾
笑矮笑矮 小艾小艾
笑矮淆矮 小艾小艾
笑矮销矮 小艾小艾
笑矮小矮 小艾小艾
小诺笑诺 小诺小诺
小诺淆诺 小诺小诺
小诺销诺 小诺小诺
小诺小诺 小诺小诺
销诺笑诺 小诺小诺
销诺淆诺 小诺小诺
销诺销诺 小诺小诺
销诺小诺 小诺小诺
淆诺笑诺 小诺小诺
淆诺淆诺 小诺小诺
淆诺销诺 小诺小诺
淆诺小诺 小诺小诺
笑诺笑诺 小诺小诺
笑诺淆诺 小诺小诺
笑诺销诺 小诺小诺
笑诺小诺 小诺小诺
小落小落 小诺小诺
小络小络 小诺小诺
小罗小罗 小诺小诺
小美小美 小美小美
小美笑美 小美小美
小美淆美 小美小美
小美销美 小美小美
销美小美 小美小美
销美笑美 小美小美
销美淆美 小美小美
销美销美 小美小美
淆美小美 小美小美
淆美笑美 小美小美
淆美淆美 小美小美
淆美销美 小美小美
笑美小美 小美小美
笑美笑美 小美小美
笑美淆美 小美小美
笑美销美 小美小美
丛台佳酿 丛台佳酿
丛台佳晾 丛台佳酿
丛台佳良 丛台佳酿
丛台佳娘 丛台佳酿
丛台偷腥 丛台偷腥#
丛台偷鱼 丛台偷鱼#
丛台叫春 丛台叫春#
崇台佳酿 丛台佳酿
崇台佳晾 丛台佳酿
崇台佳良 丛台佳酿
崇台佳娘 丛台佳酿
崇台偷腥 丛台偷腥#
崇台偷鱼 丛台偷鱼#
崇台叫春 丛台叫春#
小新笑新 小新小新
小新淆新 小新小新
小新销新 小新小新
小新小新 小新小新
销新笑新 小新小新
销新淆新 小新小新
销新销新 小新小新
销新小新 小新小新
淆新笑新 小新小新
淆新淆新 小新小新
淆新销新 小新小新
淆新小新 小新小新
笑新笑新 小新小新
笑新淆新 小新小新
笑新销新 小新小新
笑新小新 小新小新
小新小新 小新小新
小小失败 小小失败#
小奥销奥 小奥小奥
小奥淆奥 小奥小奥
小奥笑奥 小奥小奥
小奥小奥 小奥小奥
销奥销奥 小奥小奥
销奥淆奥 小奥小奥
销奥笑奥 小奥小奥
销奥小奥 小奥小奥
淆奥销奥 小奥小奥
淆奥淆奥 小奥小奥
淆奥笑奥 小奥小奥
淆奥小奥 小奥小奥
笑奥销奥 小奥小奥
笑奥淆奥 小奥小奥
笑奥笑奥 小奥小奥
笑奥小奥 小奥小奥
相奥相奥 小奥小奥
小奥小奥 小奥小奥
小凡笑凡 小凡小凡
小凡淆凡 小凡小凡
小凡销凡 小凡小凡
小凡小凡 小凡小凡
销凡笑凡 小凡小凡
销凡淆凡 小凡小凡
销凡销凡 小凡小凡
销凡小凡 小凡小凡
淆凡笑凡 小凡小凡
淆凡淆凡 小凡小凡
淆凡销凡 小凡小凡
淆凡小凡 小凡小凡
笑凡笑凡 小凡小凡
笑凡淆凡 小凡小凡
笑凡销凡 小凡小凡
笑凡小凡 小凡小凡
小环笑环 小凡小凡
小环淆环 小凡小凡
小环销环 小凡小凡
小环小环 小凡小凡
销环笑环 小凡小凡
销环淆环 小凡小凡
销环销环 小凡小凡
销环小环 小凡小凡
淆环笑环 小凡小凡
淆环淆环 小凡小凡
淆环销环 小凡小凡
淆环小环 小凡小凡
笑环笑环 小凡小凡
笑环淆环 小凡小凡
笑环销环 小凡小凡
笑环小环 小凡小凡
小心笑心 小新小新
小心淆心 小新小新
小心销心 小新小新
小心小心 小新小新
销心笑心 小新小新
销心淆心 小新小新
销心销心 小新小新
销心小心 小新小新
淆心笑心 小新小新
淆心淆心 小新小新
淆心销心 小新小新
淆心小心 小新小新
笑心笑心 小新小新
笑心淆心 小新小新
笑心销心 小新小新
笑心小心 小新小新
你好东东 你好东东
你好冬冬 你好东东
你好东家 你好东家#
你好小艾 你好小艾#
你好笑矮 你好小艾#
你好淆矮 你好小艾#
你好销矮 你好小艾#
你好小矮 你好小艾#
你好笑艾 你好小艾#
你好淆艾 你好小艾#
你好销艾 你好小艾#
你好小诺 你好小诺#
你好小络 你好小诺#
你好小罗 你好小诺#
你好笑诺 你好小诺#
你好淆诺 你好小诺#
你好销诺 你好小诺#
你好销奥 你好小奥#
你好淆奥 你好小奥#
你好笑奥 你好小奥#
你好小奥 你好小奥#
你好小美 你好小美#
你好小冬 你好小冬#
你好冬季 你好冬季#
你好冬天 你好冬天#
你好冬瓜 你好冬瓜#
你好东莞 你好东莞#
你好冬菇 你好冬菇#
你好可爱 你好可爱#
你好丛台 你好丛台#
你好崇台 你好丛台#
你好佳酿 你好佳酿#
你好矮啊 你好矮啊#
你好笑凡 你好小凡#
你好淆凡 你好小凡#
你好销凡 你好小凡#
你好小凡 你好小凡#
你好笑环 你好小凡#
你好淆环 你好小凡#
你好销环 你好小凡#
你好小环 你好小凡#
小艾你好 小艾你好#
小艾空调 小艾空调#
小艾电视 小艾电视#
小艾风扇 小艾风扇#
小艾茶吧机 小艾茶吧机#
小艾照明 小艾照明#
笑矮你好 小艾你好#
笑矮空调 小艾空调#
笑矮电视 小艾电视#
笑矮风扇 小艾风扇#
笑矮茶吧机 小艾茶吧机#
笑矮照明 小艾照明#
淆矮你好 小艾你好#
淆矮空调 小艾空调#
淆矮电视 小艾电视#
淆矮风扇 小艾风扇#
淆矮茶吧机 小艾茶吧机#
淆矮照明 小艾照明#
销矮你好 小艾你好#
销矮空调 小艾空调#
销矮电视 小艾电视#
销矮风扇 小艾风扇#
销矮茶吧机 小艾茶吧机#
销矮照明 小艾照明#
小矮你好 小艾你好#
小矮空调 小艾空调#
小矮电视 小艾电视#
小矮风扇 小艾风扇#
小矮茶吧机 小艾茶吧机#
小矮照明 小艾照明#
笑艾你好 小艾你好#
笑艾空调 小艾空调#
笑艾电视 小艾电视#
笑艾风扇 小艾风扇#
笑艾茶吧机 小艾茶吧机#
笑艾照明 小艾照明#
淆艾你好 小艾你好#
淆艾空调 小艾空调#
淆艾电视 小艾电视#
淆艾风扇 小艾风扇#
淆艾茶吧机 小艾茶吧机#
淆艾照明 小艾照明#
销艾你好 小艾你好#
销艾空调 小艾空调#
销艾电视 小艾电视#
销艾风扇 小艾风扇#
销艾茶吧机 小艾茶吧机#
销艾照明 小艾照明#
销诺你好 小诺你好#
销诺空调 小诺空调#
销诺电视 小诺电视#
销诺风扇 小诺风扇#
销诺茶吧机 小诺茶吧机#
销诺照明 小诺照明#
淆诺你好 小诺你好#
淆诺空调 小诺空调#
淆诺电视 小诺电视#
淆诺风扇 小诺风扇#
淆诺茶吧机 小诺茶吧机#
淆诺照明 小诺照明#
笑诺你好 小诺你好#
笑诺空调 小诺空调#
笑诺电视 小诺电视#
笑诺风扇 小诺风扇#
笑诺茶吧机 小诺茶吧机#
笑诺照明 小诺照明#
笑络你好 小诺你好#
笑络空调 小诺空调#
笑络电视 小诺电视#
笑络风扇 小诺风扇#
笑络茶吧机 小诺茶吧机#
笑络照明 小诺照明#
淆络你好 小诺你好#
淆络空调 小诺空调#
淆络电视 小诺电视#
淆络风扇 小诺风扇#
淆络茶吧机 小诺茶吧机#
淆络照明 小诺照明#
销络你好 小诺你好#
销络空调 小诺空调#
销络电视 小诺电视#
销络风扇 小诺风扇#
销络茶吧机 小诺茶吧机#
销络照明 小诺照明#
小诺你好 小诺你好#
小诺空调 小诺空调#
小诺电视 小诺电视#
小诺风扇 小诺风扇#
小诺茶吧机 小诺茶吧机#
小诺照明 小诺照明#
小络你好 小诺你好#
小络空调 小诺空调#
小络电视 小诺电视#
小络风扇 小诺风扇#
小络茶吧机 小诺茶吧机#
小络照明 小诺照明#
小罗你好 小诺你好#
小罗空调 小诺空调#
小罗电视 小诺电视#
小罗风扇 小诺风扇#
小罗茶吧机 小诺茶吧机#
小罗照明 小诺照明#
丛台你好 丛台你好#
丛台空调 丛台空调#
丛台电视 丛台电视#
丛台风扇 丛台风扇#
丛台茶吧机 丛台茶吧机#
丛台照明 丛台照明#
崇台你好 丛台你好#
崇台空调 丛台空调#
崇台电视 丛台电视#
崇台风扇 丛台风扇#
崇台茶吧机 丛台茶吧机#
崇台照明 丛台照明#
小奥你好 小奥你好#
小奥空调 小奥空调#
小奥电视 小奥电视#
小奥风扇 小奥风扇#
小奥茶吧机 小奥茶吧机#
小奥照明 小奥照明#
销奥你好 小奥你好#
销奥空调 小奥空调#
销奥电视 小奥电视#
销奥风扇 小奥风扇#
销奥茶吧机 小奥茶吧机#
销奥照明 小奥照明#
淆奥你好 小奥你好#
淆奥空调 小奥空调#
淆奥电视 小奥电视#
淆奥风扇 小奥风扇#
淆奥茶吧机 小奥茶吧机#
淆奥照明 小奥照明#
笑奥你好 小奥你好#
笑奥空调 小奥空调#
笑奥电视 小奥电视#
笑奥风扇 小奥风扇#
笑奥茶吧机 小奥茶吧机#
笑奥照明 小奥照明#
佳酿你好 佳酿你好#
佳酿空调 佳酿空调#
佳酿电视 佳酿电视#
佳酿风扇 佳酿风扇#
佳酿茶吧机 佳酿茶吧机#
佳酿照明 佳酿照明#
小环你好 小凡你好#
小环空调 小凡空调#
小环电视 小凡电视#
小环风扇 小凡风扇#
小环茶吧机 小凡茶吧机#
小环照明 小凡照明#
销环你好 小凡你好#
销环空调 小凡空调#
销环电视 小凡电视#
销环风扇 小凡风扇#
销环茶吧机 小凡茶吧机#
销环照明 小凡照明#
淆环你好 小凡你好#
淆环空调 小凡空调#
淆环电视 小凡电视#
淆环风扇 小凡风扇#
淆环茶吧机 小凡茶吧机#
淆环照明 小凡照明#
笑环你好 小凡你好#
笑环空调 小凡空调#
笑环电视 小凡电视#
笑环风扇 小凡风扇#
笑环茶吧机 小凡茶吧机#
笑环照明 小凡照明#
小凡你好 小凡你好#
小凡空调 小凡空调#
小凡电视 小凡电视#
小凡风扇 小凡风扇#
小凡茶吧机 小凡茶吧机#
小凡照明 小凡照明#
销凡你好 小凡你好#
销凡空调 小凡空调#
销凡电视 小凡电视#
销凡风扇 小凡风扇#
销凡茶吧机 小凡茶吧机#
销凡照明 小凡照明#
淆凡你好 小凡你好#
淆凡空调 小凡空调#
淆凡电视 小凡电视#
淆凡风扇 小凡风扇#
淆凡茶吧机 小凡茶吧机#
淆凡照明 小凡照明#
笑凡你好 小凡你好#
笑凡空调 小凡空调#
笑凡电视 小凡电视#
笑凡风扇 小凡风扇#
笑凡茶吧机 小凡茶吧机#
笑凡照明 小凡照明#
小欧小欧 小欧小欧#
小玉小玉 小玉小玉#
小红小红 小红小红#
小李小李 小李小李#
小晨小晨 小晨小晨#
小杨小杨 小杨小杨#
小三小三 小三小三#
小野小野 小野小野#
冬天好冷 冬天好冷#
小优小优 小优小优#
替我想想 替我想想#
我不想去 我不想去#
三万三万 三万三万#
小妈小妈 小妈小妈#
十万十万 十万十万#
小然小然 小然小然#
大爱大爱 大爱大爱#
小赚小赚 小赚小赚#
小姨拜拜 小姨拜拜#
小婶拜拜 小婶拜拜#
小叔拜拜 小叔拜拜#
全国首个 全国首个#
许下诺言 许下诺言#
东家你好 东家你好#
东家东家 东家东家#
东东东东 东东东东#
东东你好 东东你好#
冬冬冬冬 东东东东#
冬冬你好 东东你好#
你好小凡 你好小凡#
你好小环 你好小凡#
你好小气 你好小气#
你好小福 你好小福#
你好你好 你好你好#
你好电视 你好电视#
你好空调 你好空调#
你好风扇 你好风扇#
你好洗衣机 你好洗衣机#
你好茶吧机 你好茶吧机#
你好烟机 你好烟机#
你好照明 你好照明#
你好漂亮 你好漂亮#
你好美丽 你好美丽#
你好可爱 你好可爱#
你好高啊 你好高啊#
你好矮啊 你好矮啊#
你好怂啊 你好怂啊#
你好有勇气 你好有勇气#
丛台同学 丛台同学#
丛台美酒 丛台美酒#
崇台同学 丛台同学#
崇台美酒 丛台美酒#
佳酿同学 佳酿同学#
佳酿美酒 佳酿美酒#
小凡你好 小凡你好#
小环你好 小凡你好#
好烦人 好烦人#
繁华繁华 繁华繁华#
想你想你 想你想你#
饭后饭后 饭后饭后#
我要睡觉 我要睡觉#
我要洗澡 我要洗澡#
我要吃饭 我要吃饭#
我要工作 我要工作#
我要画画 我要画画#
我要穿衣服 我要穿衣服#
我想睡觉 我想睡觉#
我想洗澡 我想洗澡#
我想吃饭 我想吃饭#
我想工作 我想工作#
我想画画 我想画画#
我想穿衣服 我想穿衣服#
还钱还钱 还钱还钱#
好不好 好不好#
想一想 想一想#
想一下 想一下#
想得美 想得美#
美丽美丽 美丽美丽#
美术美术 美术美术#
审美观 审美观#
傲骨 傲骨#
澳门 澳门#
拗口 拗口#
傲气 傲气#
奥数 奥数#
棉袄 棉袄#
天奥 天奥#
美丽 美丽#
每天 每天#
爱情 爱情#
爱妻 爱妻#
爱人 爱人#
爱美 爱美#
小德小德 小德小德#
小雷小雷 小雷小雷#
小伟小伟 小伟小伟
小微小微 小微小微
小黑小黑 小黑小黑
小飞小飞 小飞小飞
小神小神 小神小神
小乐小乐 小乐小乐
小米小米 小米小米
小秘小秘 小秘小秘
