2024-03-29 15:20:16.457258
分词检查包括分词格式检查、命令词多输出、命令词垃圾词混用和命令词回溯
分词格式检查中有ERROR时，请修改，否则无法正常生成语言模型
一、检查分词在字典中
1.1如下行中的分词不在字典中
NOTICE line 5: 关逼
NOTICE line 24: 封色
NOTICE line 110: 淆艾
NOTICE line 111: 孝艾
NOTICE line 112: 淆艾
NOTICE line 113: 孝艾

1.2如下行中分词的输入输出不一样
NOTICE line 5
NOTICE line 6
NOTICE line 24
NOTICE line 50
NOTICE line 51
NOTICE line 52
NOTICE line 53
NOTICE line 54
NOTICE line 65
NOTICE line 73
NOTICE line 79
NOTICE line 88
NOTICE line 89
NOTICE line 91
NOTICE line 92
NOTICE line 93
NOTICE line 94
NOTICE line 96
NOTICE line 97
NOTICE line 107
NOTICE line 110
NOTICE line 111
NOTICE line 112
NOTICE line 113
NOTICE line 116
NOTICE line 117
NOTICE line 118
NOTICE line 121
NOTICE line 123
NOTICE line 124
NOTICE line 125
NOTICE line 126
NOTICE line 127
NOTICE line 131
NOTICE line 133
NOTICE line 134
NOTICE line 135
NOTICE line 136
NOTICE line 137
NOTICE line 156
NOTICE line 158
NOTICE line 159
NOTICE line 160
NOTICE line 161
NOTICE line 162
NOTICE line 179
NOTICE line 180

二、有多个输出的词

三、命令词错用为垃圾词

四、没有结束节点的词

五、所有节点回溯的命令词
(以#为垃圾词，以%为没结束的词，其他为命令词)
(第一列为输入，第二列为输出)
上一曲 上一曲
下一曲 下一曲
打开扫风 打开扫风
打开台灯 打开台灯
打开阳台灯 打开阳台灯
打开卧室灯 打开卧室灯
打开花园灯 打开花园灯
打开餐厅灯 打开餐厅灯
打开厕所灯 打开厕所灯
打开客厅灯 打开客厅灯
打开空调 打开空调
打开蓝牙 打开蓝牙
关闭扫风 关闭扫风
关闭台灯 关闭台灯
关闭阳台灯 关闭阳台灯
关闭卧室灯 关闭卧室灯
关闭花园灯 关闭花园灯
关闭餐厅灯 关闭餐厅灯
关闭厕所灯 关闭厕所灯
关闭客厅灯 关闭客厅灯
关闭空调 关闭空调
关闭蓝牙 关闭蓝牙
关逼扫风 关闭扫风
关逼台灯 关闭台灯
关逼阳台灯 关闭阳台灯
关逼卧室灯 关闭卧室灯
关逼花园灯 关闭花园灯
关逼餐厅灯 关闭餐厅灯
关逼厕所灯 关闭厕所灯
关逼客厅灯 关闭客厅灯
关逼空调 关闭空调
关逼蓝牙 关闭蓝牙
光闭扫风 关闭扫风
光闭台灯 关闭台灯
光闭阳台灯 关闭阳台灯
光闭卧室灯 关闭卧室灯
光闭花园灯 关闭花园灯
光闭餐厅灯 关闭餐厅灯
光闭厕所灯 关闭厕所灯
光闭客厅灯 关闭客厅灯
光闭空调 关闭空调
光闭蓝牙 关闭蓝牙
节能模式 节能模式
除湿模式 除湿模式
睡眠模式 睡眠模式
阅读模式 阅读模式
照明模式 照明模式
夜灯模式 夜灯模式
红色模式 红色模式
封色模式 红色模式
绿色模式 绿色模式
蓝色模式 蓝色模式
送风模式 送风模式
自动模式 自动模式
调到十六度 调到十六度
调到十七度 调到十七度
调到十八度 调到十八度
调到十九度 调到十九度
调到二十度 调到二十度
调到三十度 调到三十度
调到二十一度 调到二十一度
调到二十二度 调到二十二度
调到二十三度 调到二十三度
调到二十四度 调到二十四度
调到二十五度 调到二十五度
调到二十六度 调到二十六度
调到二十七度 调到二十七度
调到二十八度 调到二十八度
调到二十九度 调到二十九度
暂停播放 暂停播放
继续播放 继续播放
停止播放 停止播放
亭子播放 停止播放
蹄子播放 停止播放
听止播放 停止播放
听子播放 停止播放
挺直播放 停止播放
最小音量 最小音量
最大音量 最大音量
自动风速 自动风速
三档风速 三档风速
一档风速 一档风速
二档风速 二档风速
两档风速 两档风速
增大风速 增大风速
真大风速 增大风速
减小风速 减小风速
最大风速 最大风速
最小风速 最小风速
断开连接 断开连接
增大音量 增大音量
真大音量 增大音量
加大音量 加大音量
减小音量 减小音量
降低音量 降低音量
升高温度 升高温度
身高温度 升高温度
降低温度 降低温度
调暗一点 调暗一点
调亮一点 调亮一点
模式切换 模式切换
制冷模式 制冷模式
制冷魔四 制冷模式
直冷模式 制冷模式
直冷魔四 制冷模式
自冷模式 制冷模式
自冷魔四 制冷模式
制热模式 制热模式
制热魔四 制热模式
加热模式 制热模式
加热魔四 制热模式
炙热模式 制热模式
炙热魔四 制热模式
自热模式 制热模式
自热魔四 制热模式
厨司模式 除湿模式
厨司魔四 除湿模式
播放歌曲 播放歌曲
播放音乐 播放音乐
上一首 上一首
下一首 下一首
保存亲人号码 保存亲人电话
保存亲人电话 保存亲人电话
保存朋友号码 保存朋友电话
保存朋友电话 保存朋友电话
保存家人号码 保存家人电话
保存家人电话 保存家人电话
小艾淆艾 小艾小艾
小艾孝艾 小艾小艾
小艾小艾 小艾小艾
淆艾淆艾 小艾小艾
淆艾孝艾 小艾小艾
淆艾小艾 小艾小艾
孝艾淆艾 小艾小艾
孝艾孝艾 小艾小艾
孝艾小艾 小艾小艾
小艾小艾 小艾小艾
小爱小爱 小艾小艾
小爱小爱 小艾小艾
播放音乐 播放音乐
播放歌曲 播放歌曲
暂停音乐 暂停音乐
暂停歌曲 暂停歌曲
展厅音乐 暂停音乐
展厅歌曲 暂停歌曲
停止音乐 停止音乐
停止歌曲 停止歌曲
亭子音乐 停止音乐
亭子歌曲 停止歌曲
蹄子音乐 停止音乐
蹄子歌曲 停止歌曲
听止音乐 停止音乐
听止歌曲 停止歌曲
听子音乐 停止音乐
听子歌曲 停止歌曲
挺直音乐 停止音乐
挺直歌曲 停止歌曲
暂停播放 暂停播放
展厅播放 暂停播放
停止播放 停止播放
亭子播放 停止播放
蹄子播放 停止播放
听止播放 停止播放
听子播放 停止播放
挺直播放 停止播放
继续播放 继续播放
上一曲 上一曲
上一首 上一首
上一频道 上一频道#
上一步 上一步#
下一曲 下一曲
下一首 下一首
下一频道 下一频道#
下一步 下一步#
上一曲 上一曲
上一首 上一首
下一曲 下一曲
下一首 下一首
上一曲 上一曲
下一曲 下一曲
上一首 上一首
下一首 下一首
播放暂停 播放暂停
播放展厅 播放暂停
播放停止 播放停止
播放亭子 播放停止
播放蹄子 播放停止
播放听止 播放停止
播放听子 播放停止
播放挺直 播放停止
保存急救电话 保存急救电话
接听电话 接听电话#
拨打电话 拨打电话#
挂断电话 挂断电话#
接电话 接电话#
挂电话 挂电话#
呼叫家人 呼叫家人
呼叫亲人 呼叫亲人
呼叫朋友 呼叫朋友
查询固件版本 查询固件版本
相爱相爱 小艾小艾
增大温度 增大温度#
减小温度 减小温度#
增加温度 增加温度#
紧急呼救 紧急呼救
紧急情况 紧急情况#
紧急任务 紧急任务#
紧急事情 紧急事情#
重新启动 重新启动#
手机接听 手机接听#
蓝牙接听 蓝牙接听#
开始播放 开始播放#
三十三度 三十三度#
三十四度 三十四度#
三十五度 三十五度#
三十六度 三十六度#
三十一度 三十一度#
三十二度 三十二度#
十四度 十四度#
十五度 十五度#
四挡风 四挡风#
五挡风 五挡风#
